\BOOKMARK [1][-]{Doc-Start}{\376\377\000R\000\351\000s\000u\000m\000\351}{}% 1
\BOOKMARK [1][-]{Doc-Start}{\376\377\000A\000b\000s\000t\000r\000a\000c\000t}{}% 2
\BOOKMARK [1][-]{section.1}{\376\377\000I\000n\000t\000r\000o\000d\000u\000c\000t\000i\000o\000n}{}% 3
\BOOKMARK [1][-]{section.2}{\376\377\000C\000o\000n\000t\000e\000x\000t\000e\000\040\000e\000t\000\040\000o\000b\000j\000e\000c\000t\000i\000f\000s}{}% 4
\BOOKMARK [2][-]{subsection.2.1}{\376\377\000O\000b\000j\000e\000c\000t\000i\000f\000s\000\040\000f\000o\000n\000c\000t\000i\000o\000n\000n\000e\000l\000s}{section.2}% 5
\BOOKMARK [2][-]{subsection.2.2}{\376\377\000C\000o\000n\000t\000r\000a\000i\000n\000t\000e\000s\000\040\000t\000e\000c\000h\000n\000i\000q\000u\000e\000s}{section.2}% 6
\BOOKMARK [1][-]{section.3}{\376\377\000A\000r\000c\000h\000i\000t\000e\000c\000t\000u\000r\000e\000\040\000l\000o\000g\000i\000c\000i\000e\000l\000l\000e}{}% 7
\BOOKMARK [2][-]{subsection.3.1}{\376\377\000V\000u\000e\000\040\000d\000'\000e\000n\000s\000e\000m\000b\000l\000e}{section.3}% 8
\BOOKMARK [2][-]{subsection.3.2}{\376\377\000D\000e\000s\000c\000r\000i\000p\000t\000i\000o\000n\000\040\000d\000e\000s\000\040\000m\000o\000d\000u\000l\000e\000s}{section.3}% 9
\BOOKMARK [2][-]{subsection.3.3}{\376\377\000C\000y\000c\000l\000e\000\040\000d\000e\000\040\000v\000i\000e\000\040\000d\000e\000\040\000l\000'\000a\000p\000p\000l\000i\000c\000a\000t\000i\000o\000n}{section.3}% 10
\BOOKMARK [1][-]{section.4}{\376\377\000M\000o\000d\000\350\000l\000e\000s\000\040\000m\000a\000t\000h\000\351\000m\000a\000t\000i\000q\000u\000e\000s}{}% 11
\BOOKMARK [2][-]{subsection.4.1}{\376\377\000E\000s\000p\000a\000c\000e\000\040\000c\000o\000l\000o\000r\000i\000m\000\351\000t\000r\000i\000q\000u\000e\000\040\000C\000I\000E\000L\000A\000B}{section.4}% 12
\BOOKMARK [2][-]{subsection.4.2}{\376\377\000C\000o\000n\000v\000e\000r\000s\000i\000o\000n\000\040\000R\000G\000B\000\040\000\040\000L\000A\000B}{section.4}% 13
\BOOKMARK [2][-]{subsection.4.3}{\376\377\000L\000u\000m\000i\000n\000a\000n\000c\000e\000\040\000p\000e\000r\000c\000e\000p\000t\000u\000e\000l\000l\000e\000\040\000\050\000R\000e\000c\000.\000\040\0006\0000\0001\000\051}{section.4}% 14
\BOOKMARK [2][-]{subsection.4.4}{\376\377\000\311\000c\000h\000a\000n\000t\000i\000l\000l\000o\000n\000n\000a\000g\000e\000\040\000a\000l\000\351\000a\000t\000o\000i\000r\000e\000\040\000d\000e\000s\000\040\000p\000i\000x\000e\000l\000s}{section.4}% 15
\BOOKMARK [2][-]{subsection.4.5}{\376\377\000C\000l\000u\000s\000t\000e\000r\000i\000n\000g\000\040\000K\000M\000e\000a\000n\000s}{section.4}% 16
\BOOKMARK [2][-]{subsection.4.6}{\376\377\000C\000h\000o\000i\000x\000\040\000a\000u\000t\000o\000m\000a\000t\000i\000q\000u\000e\000\040\000d\000e\000\040\000K\000\040\040\024\000\040\000s\000c\000o\000r\000e\000\040\000d\000e\000\040\000s\000i\000l\000h\000o\000u\000e\000t\000t\000e}{section.4}% 17
\BOOKMARK [2][-]{subsection.4.7}{\376\377\000C\000a\000l\000c\000u\000l\000\040\000d\000e\000s\000\040\000p\000r\000o\000p\000o\000r\000t\000i\000o\000n\000s}{section.4}% 18
\BOOKMARK [2][-]{subsection.4.8}{\376\377\000N\000o\000m\000m\000a\000g\000e\000\040\000d\000e\000s\000\040\000c\000o\000u\000l\000e\000u\000r\000s\000\040\040\024\000\040\000d\000i\000s\000t\000a\000n\000c\000e\000\040\000E}{section.4}% 19
\BOOKMARK [2][-]{subsection.4.9}{\376\377\000H\000i\000s\000t\000o\000g\000r\000a\000m\000m\000e\000\040\000d\000e\000\040\000l\000u\000m\000i\000n\000a\000n\000c\000e\000\040\000e\000t\000\040\000s\000t\000a\000t\000i\000s\000t\000i\000q\000u\000e\000s\000\040\000t\000o\000n\000a\000l\000e\000s}{section.4}% 20
\BOOKMARK [2][-]{subsection.4.10}{\376\377\000M\000o\000d\000\350\000l\000e\000s\000\040\000d\000e\000\040\000r\000e\000t\000o\000u\000c\000h\000e\000\040\000d\000'\000i\000m\000a\000g\000e}{section.4}% 21
\BOOKMARK [1][-]{section.5}{\376\377\000P\000i\000p\000e\000l\000i\000n\000e\000\040\000d\000'\000a\000n\000a\000l\000y\000s\000e}{}% 22
\BOOKMARK [1][-]{section.6}{\376\377\000I\000n\000t\000e\000r\000f\000a\000c\000e\000\040\000u\000t\000i\000l\000i\000s\000a\000t\000e\000u\000r}{}% 23
\BOOKMARK [1][-]{section.7}{\376\377\000E\000x\000p\000o\000r\000t\000s\000\040\000d\000e\000\040\000d\000o\000n\000n\000\351\000e\000s}{}% 24
\BOOKMARK [1][-]{section.8}{\376\377\000C\000o\000m\000p\000l\000e\000x\000i\000t\000\351\000\040\000e\000t\000\040\000p\000e\000r\000f\000o\000r\000m\000a\000n\000c\000e\000s}{}% 25
\BOOKMARK [1][-]{section.9}{\376\377\000L\000i\000m\000i\000t\000e\000s\000\040\000c\000o\000n\000n\000u\000e\000s}{}% 26
\BOOKMARK [1][-]{section.10}{\376\377\000C\000o\000n\000c\000l\000u\000s\000i\000o\000n}{}% 27
